// Jest Snapshot v1, https://goo.gl/fbAQLP

exports[`App  renders without crashing 1`] = `
<button
  className="square"
  onClick={[Function]}
>
  1
</button>
`;
